zgui      idle   CPU    0.00% RSS   103.93 MiB
gpui      idle   CPU    0.20% RSS   109.38 MiB
quickgui  idle   CPU    0.00% RSS   131.48 MiB
zgui      stream CPU   26.40% RSS   108.48 MiB
gpui      stream CPU  217.04% RSS   110.32 MiB
quickgui  stream CPU  169.97% RSS   134.69 MiB
zgui      scroll CPU   10.88% RSS   112.26 MiB
gpui      scroll CPU  205.45% RSS   108.54 MiB
quickgui  scroll CPU  160.94% RSS   138.52 MiB
zgui      both   CPU   29.23% RSS   112.00 MiB
gpui      both   CPU  218.14% RSS   109.54 MiB
quickgui  both   CPU  170.71% RSS   140.33 MiB
gpui      idle   CPU    0.13% RSS   110.07 MiB
quickgui  idle   CPU    0.00% RSS   131.13 MiB
zgui      idle   CPU    0.00% RSS   103.20 MiB
gpui      stream CPU  216.98% RSS   109.29 MiB
quickgui  stream CPU  181.13% RSS   134.86 MiB
zgui      stream CPU   27.71% RSS   109.45 MiB
gpui      scroll CPU  204.60% RSS   109.00 MiB
quickgui  scroll CPU  159.58% RSS   137.92 MiB
zgui      scroll CPU   12.43% RSS   111.30 MiB
gpui      both   CPU  219.69% RSS   110.39 MiB
quickgui  both   CPU  177.28% RSS   140.02 MiB
zgui      both   CPU   28.67% RSS   111.99 MiB
quickgui  idle   CPU    0.00% RSS   132.09 MiB
zgui      idle   CPU    0.00% RSS   103.30 MiB
gpui      idle   CPU    0.13% RSS   107.96 MiB
quickgui  stream CPU  169.42% RSS   135.66 MiB
zgui      stream CPU   25.14% RSS   108.90 MiB
gpui      stream CPU  220.02% RSS   109.29 MiB
quickgui  scroll CPU  174.73% RSS   139.13 MiB
zgui      scroll CPU   12.54% RSS   111.70 MiB
gpui      scroll CPU  218.63% RSS   107.91 MiB
quickgui  both   CPU  187.14% RSS   139.20 MiB
zgui      both   CPU   31.60% RSS   113.53 MiB
gpui      both   CPU  218.25% RSS   110.87 MiB
| Mode | Framework | CPU median [range], % one core | Mean RSS median [range], MiB | Completed ticks [range] |
| --- | --- | ---: | ---: | ---: |
| idle | zgui | 0.00 [0.00–0.00] | 103.30 [103.20–103.93] | 0–0 |
| idle | gpui | 0.13 [0.13–0.20] | 109.38 [107.96–110.07] | 0–0 |
| idle | quickgui | 0.00 [0.00–0.00] | 131.48 [131.13–132.09] | 0–0 |
| stream | zgui | 26.40 [25.14–27.71] | 108.90 [108.48–109.45] | 1198–1199 |
| stream | gpui | 217.04 [216.98–220.02] | 109.29 [109.29–110.32] | 1173–1197 |
| stream | quickgui | 169.97 [169.42–181.13] | 134.86 [134.69–135.66] | 1198–1199 |
| scroll | zgui | 12.43 [10.88–12.54] | 111.70 [111.30–112.26] | 1199–1199 |
| scroll | gpui | 205.45 [204.60–218.63] | 108.54 [107.91–109.00] | 1193–1199 |
| scroll | quickgui | 160.94 [159.58–174.73] | 138.52 [137.92–139.13] | 1197–1199 |
| both | zgui | 29.23 [28.67–31.60] | 112.00 [111.99–113.53] | 1199–1199 |
| both | gpui | 218.25 [218.14–219.69] | 110.39 [109.54–110.87] | 1178–1196 |
| both | quickgui | 177.28 [170.71–187.14] | 140.02 [139.20–140.33] | 1182–1199 |
