 Downloading crates ...
  Downloaded ash-window v0.13.0
  Downloaded svgtypes v0.15.3
  Downloaded tokio-socks v0.5.3
  Downloaded take-until v0.2.0
  Downloaded wasm-bindgen-shared v0.2.128
  Downloaded usvg v0.45.1
  Downloaded value-bag-sval2 v1.14.1
  Downloaded xattr v0.2.3
  Downloaded value-bag v1.14.1
  Downloaded value-bag-serde1 v1.14.1
  Downloaded which v6.0.3
  Downloaded tokio-rustls v0.26.5
  Downloaded xim-parser v0.2.2
  Downloaded sval_serde v2.22.0
  Downloaded wasm-bindgen-macro v0.2.128
  Downloaded wasm-bindgen-macro-support v0.2.128
  Downloaded wayland-protocols v0.31.2
  Downloaded zed-font-kit v0.14.1-zed
  Downloaded zed-reqwest v0.12.15-zed
  Downloaded wasm-bindgen v0.2.128
  Downloaded wayland-protocols-plasma v0.2.0
  Downloaded xim-ctext v0.3.0
  Downloaded zed-xim v0.4.0-zed
  Downloaded compression-core v0.4.33
  Downloaded convert_case v0.4.0
  Downloaded command-fds v0.3.3
  Downloaded ctor v0.4.3
  Downloaded dtor-proc-macro v0.0.5
  Downloaded imagesize v0.13.0
  Downloaded derive_more v0.99.20
  Downloaded crossbeam-epoch v0.9.21
  Downloaded gpu-alloc v0.6.2
  Downloaded kurbo v0.11.3
  Downloaded gpui_http_client v0.2.2
  Downloaded crossbeam-deque v0.8.8
  Downloaded dunce v1.0.5
  Downloaded flume v0.11.1
  Downloaded gpui_util_macros v0.2.2
  Downloaded async_zip v0.0.17
  Downloaded lyon_algorithms v1.0.21
  Downloaded sval_nested v2.22.0
  Downloaded crossbeam-queue v0.3.14
  Downloaded dirs-sys v0.3.7
  Downloaded zed-async-tar v0.5.0-zed
  Downloaded dtor v0.0.6
  Downloaded event-listener v2.5.3
  Downloaded multiversion-macros v0.9.0
  Downloaded multiversion_no_op v1.0.0
  Downloaded num-bigint-dig v0.8.6
  Downloaded ref-cast v1.0.27
  Downloaded rand v0.8.8
  Downloaded sval v2.22.0
  Downloaded mio v1.2.3
  Downloaded rust-embed-utils v8.12.0
  Downloaded mime v0.3.17
  Downloaded sha2 v0.11.0
  Downloaded codespan-reporting v0.12.0
  Downloaded h2 v0.4.19
  Downloaded deflate64 v0.1.12
  Downloaded either v1.18.0
  Downloaded futures-lite v1.13.0
  Downloaded lyon_tessellation v1.0.22
  Downloaded nanorand v0.7.0
  Downloaded rustls-webpki v0.103.15
  Downloaded rust-embed-impl v8.12.0
  Downloaded sval_fmt v2.22.0
  Downloaded async-global-executor v2.4.1
  Downloaded core_detect v1.0.0
  Downloaded dirs v5.0.1
  Downloaded ref-cast-impl v1.0.27
  Downloaded sval_ref v2.22.0
  Downloaded zed-scap v0.0.8-zed
  Downloaded blade-util v0.3.0
  Downloaded fastrand v1.9.0
  Downloaded mint v0.5.9
  Downloaded strum_macros v0.26.4
  Downloaded sval_json v2.22.0
  Downloaded compression-codecs v0.4.43
  Downloaded oo7 v0.5.0
  Downloaded gpui_semantic_version v0.2.2
  Downloaded async-channel v1.9.0
  Downloaded dirs-sys v0.4.1
  Downloaded hidden-trait v0.1.2
  Downloaded spirv v0.3.0+sdk-1.3.268.0
  Downloaded blade-macros v0.3.0
  Downloaded gpui_perf v0.2.2
  Downloaded hyper-rustls v0.27.10
  Downloaded gpui_refineable v0.2.2
  Downloaded openssl-probe v0.2.1
  Downloaded sval_buffer v2.22.0
  Downloaded gpui_sum_tree v0.2.2
  Downloaded gpui_util v0.2.2
  Downloaded mime_guess v2.0.5
  Downloaded sval_dynamic v2.22.0
  Downloaded ctor-proc-macro v0.0.6
  Downloaded encoding_rs v0.8.41
  Downloaded lru-slab v0.1.3
  Downloaded gpui-macros v0.2.2
  Downloaded strum v0.26.3
  Downloaded resvg v0.45.1
  Downloaded rustls-pemfile v2.2.0
  Downloaded ashpd v0.12.3
  Downloaded ipnet v2.12.2
  Downloaded ashpd v0.11.1
  Downloaded async-std v1.13.2
  Downloaded gpu-alloc-types v0.3.1
  Downloaded hyper v1.11.1
  Downloaded rustls-native-certs v0.8.4
  Downloaded async-compression v0.4.48
  Downloaded multiversion v0.9.0
  Downloaded serde_json_lenient v0.2.4
  Downloaded quinn v0.11.12
  Downloaded quinn-proto v0.11.18
  Downloaded nix v0.29.0
  Downloaded gpu-alloc-ash v0.7.1
  Downloaded dirs v4.0.0
  Downloaded gpui_derive_refineable v0.2.2
  Downloaded kv-log-macro v1.0.7
  Downloaded imgref v1.12.3
  Downloaded naga v25.0.1
  Downloaded gpui_collections v0.2.2
  Downloaded rust-embed v8.12.0
  Downloaded blade-graphics v0.7.1
  Downloaded gpui v0.2.2
   Compiling zgui-workload v0.1.0 (/home/ubuntu/GitHub/zgui/comparisons/workload)
   Compiling zgui-compare-gpui v0.1.0 (/home/ubuntu/GitHub/zgui/comparisons/gpui)
    Finished `release` profile [optimized] target(s) in 4m 36s
warning: the following packages contain code that will be rejected by a future version of Rust: proc-macro-error2 v2.0.1
note: to see what the problems were, use the option `--future-incompat-report`, or run `cargo report future-incompatibilities --id 1`
