 Downloading crates ...
  Downloaded block-buffer v0.12.1
  Downloaded crypto-common v0.2.2
  Downloaded sha1 v0.11.0
  Downloaded cpufeatures v0.3.1
  Downloaded digest v0.11.3
  Downloaded rand v0.10.3
  Downloaded hybrid-array v0.4.15
  Downloaded chacha20 v0.10.2
  Downloaded const-oid v0.10.2
  Downloaded tungstenite v0.30.0
   Compiling rand_core v0.10.1
   Compiling getrandom v0.4.3
   Compiling uuid v1.26.1
   Compiling zbus v5.19.0
   Compiling wgpu-hal v29.0.4 (/home/ubuntu/GitHub/zgui/vendor/wgpu-hal)
   Compiling atspi-common v0.13.0
   Compiling font-types v0.11.3
   Compiling typenum v1.20.1
   Compiling hybrid-array v0.4.15
   Compiling read-fonts v0.37.0
   Compiling accesskit v0.24.1
   Compiling accesskit_consumer v0.38.0
   Compiling wgpu-core-deps-windows-linux-android v29.0.4
   Compiling atspi-proxies v0.13.0
   Compiling cpufeatures v0.3.1
   Compiling fontdb v0.23.0
   Compiling atspi v0.29.0
   Compiling wgpu-core v29.0.4
   Compiling accesskit_atspi_common v0.19.1
   Compiling harfrust v0.5.2
   Compiling skrifa v0.40.0
   Compiling crypto-common v0.2.2
   Compiling block-buffer v0.12.1
   Compiling linebender_resource_handle v0.1.1
   Compiling httparse v1.10.1
   Compiling const-oid v0.10.2
   Compiling smol_str v0.3.6
   Compiling rustc-hash v2.1.3
   Compiling zmij v1.0.23
   Compiling itoa v1.0.18
   Compiling cosmic-text v0.19.0
   Compiling digest v0.11.3
   Compiling accesskit_unix v0.22.1
   Compiling wgpu v29.0.4
   Compiling zgui v0.1.0 (/home/ubuntu/GitHub/zgui/crates/zgui)
   Compiling chacha20 v0.10.2
   Compiling bytes v1.12.1
   Compiling serde_json v1.0.151
   Compiling http v1.5.0
   Compiling rand v0.10.3
   Compiling zgui-gpu v0.1.0 (/home/ubuntu/GitHub/zgui/crates/zgui-gpu)
   Compiling accesskit_winit v0.33.2
   Compiling sha1 v0.11.0
   Compiling zgui-workload v0.1.0 (/home/ubuntu/GitHub/zgui/comparisons/workload)
   Compiling data-encoding v2.11.1
   Compiling tungstenite v0.30.0
   Compiling zgui-desktop v0.1.0 (/home/ubuntu/GitHub/zgui/crates/zgui-desktop)
warning: constant `WATCHDOG` is never used
  --> crates/zgui-desktop/src/frame_source.rs:14:18
   |
14 | pub(crate) const WATCHDOG: Duration = Duration::from_millis(250);
   |                  ^^^^^^^^
   |
   = note: `#[warn(dead_code)]` (part of `#[warn(unused)]`) on by default

warning: variant `Frame` is never constructed
  --> crates/zgui-desktop/src/application.rs:84:5
   |
72 | enum Event {
   |      ----- variant in this enum
...
84 |     Frame(u64, Frame),
   |     ^^^^^
   |
   = note: `Event` has a derived impl for the trait `Debug`, but this is intentionally ignored during dead code analysis

warning: `zgui-desktop` (lib) generated 2 warnings
    Finished `release` profile [optimized] target(s) in 3m 41s
