 Downloading crates ...
  Downloaded block-padding v0.4.2
  Downloaded ctutils v0.4.2
  Downloaded aes v0.9.3
  Downloaded auto-launch v0.6.0
  Downloaded naga-types v30.0.1
  Downloaded dlv-list v0.5.2
  Downloaded hostname v0.4.2
  Downloaded cpubits v0.1.1
  Downloaded doctest-file v1.1.1
  Downloaded inout v0.2.2
  Downloaded task-local v0.1.1
  Downloaded wgpu-naga-bridge v30.0.1
  Downloaded lru v0.16.4
  Downloaded opener v0.8.5
  Downloaded cbc v0.2.1
  Downloaded etagere v0.3.0
  Downloaded keyring-core v1.0.0
  Downloaded ordered-multimap v0.7.3
  Downloaded pastey v0.2.3
  Downloaded wgpu-core-deps-windows-linux-android v30.0.1
  Downloaded zbus-secret-service-keyring-store v1.0.1
  Downloaded bit-set v0.10.0
  Downloaded cipher v0.5.2
  Downloaded cmov v0.5.4
  Downloaded hmac v0.13.0
  Downloaded os_info v3.15.0
  Downloaded rust-ini v0.21.3
  Downloaded secret-service v5.2.0
  Downloaded keyring v4.2.0
  Downloaded global-hotkey v0.8.0
  Downloaded wgpu v30.0.1
  Downloaded ksni v0.3.6
  Downloaded wgpu-types v30.0.1
  Downloaded interprocess v2.4.4
  Downloaded taffy v0.13.0
  Downloaded hkdf v0.13.0
  Downloaded wgpu-core v30.0.1
  Downloaded wgpu-hal v30.0.1
  Downloaded naga v30.0.1
   Compiling zgui-workload v0.1.0 (/home/ubuntu/GitHub/zgui/comparisons/workload)
   Compiling zgui-compare-quickgui v0.1.0 (/home/ubuntu/GitHub/zgui/comparisons/quickgui)
    Finished `release` profile [optimized] target(s) in 2m 09s
